// Jest Snapshot v1, https://goo.gl/fbAQLP

exports[`NewContactModal matches snapshot 1`] = `<DocumentFragment />`;
