// Jest Snapshot v1, https://goo.gl/fbAQLP

exports[`InputField renders correctly with all props 1`] = `
<DocumentFragment>
  <div
    class="container"
  >
    <input
      class="input"
      id="input-Test Label"
      placeholder="Test Placeholder"
      type="text"
      value="Test Value"
    />
    <label
      class="label"
      for="input-Test Label"
    >
      Test Label
    </label>
  </div>
</DocumentFragment>
`;
